// Jest Snapshot v1, https://goo.gl/fbAQLP

exports[`App renders Characters 1`] = `
<BrowserRouter>
  <Header />
  <Switch>
    <Route
      component={[Function]}
      exact={true}
      path="/"
    />
    <Route
      component={[Function]}
      path="/list"
    />
    <Route
      component={[Function]}
      path="/detail/:id"
    />
  </Switch>
  <Footer />
</BrowserRouter>
`;
