// Jest Snapshot v1, https://goo.gl/fbAQLP

exports[`Footer component renders a footer 1`] = `
<footer>
  <p>
    Â© Evan inc.
  </p>
</footer>
`;
